/classpath-0.92/gnu/java/awt/dnd/
/classpath-0.92/gnu/java/awt/peer/gtk/
/classpath-0.92/gnu/java/awt/peer/qt/
/classpath-0.92/gnu/java/awt/peer/x/
/classpath-0.92/gnu/java/util/prefs/gconf/
/classpath-0.92/gnu/java/util/prefs/GConfBasedFactory.java
/classpath-0.92/gnu/java/util/prefs/GConfBasedPreferences.java
/classpath-0.92/compat/
/classpath-0.92/examples/
/classpath-0.92/gnu/classpath-0.92/jdwp/
/classpath-0.92/gnu/classpath-0.92/Pointer.java
/classpath-0.92/gnu/classpath-0.92/Pointer32.java
/classpath-0.92/gnu/classpath-0.92/Pointer64.java
/classpath-0.92/gnu/java/net/local/
/classpath-0.92/gnu/java/net/PlainDatagramSocketImpl.java
/classpath-0.92/gnu/java/net/PlainSocketImpl.java 
/classpath-0.92/gnu/java/nio/channels/FileChannelImpl.java
/classpath-0.92/gnu/java/nio/charset/iconv/
/classpath-0.92/gnu/java/nio/DatagramChannelSelectionKey.java
/classpath-0.92/gnu/java/nio/SelectionKeyImpl.java
/classpath-0.92/gnu/java/nio/SelectorImpl.java
/classpath-0.92/gnu/java/nio/ServerSocketChannelSelectionKey.java
/classpath-0.92/gnu/java/nio/SocketChannelSelectionKey.java
/classpath-0.92/gnu/java/nio/SocketChannelSelectionKeyImpl.java
/classpath-0.92/gnu/javax/sound/midi/
/classpath-0.92/gnu/xml/libxmlj/
/classpath-0.92/gnu/test/
/classpath-0.92/java/lang/ref/Reference.java
/classpath-0.92/java/nio/MappedByteBufferImpl.java
/classpath-0.92/testsuite/
/classpath-0.92/test/
/classpath-0.92/tools/
/classpath-0.92/vm/reference/
